[hdhub4u.tools/index.html]
[backblue.gif]
[fade.gif]
[index.html]
[hdhub4u.tools/wp-content/uploads/2018/01/down-links.png]
[hdhub4u.tools/wp-includes/js/jquery/jquery.min.js]
[hdhub4u.tools/wp-includes/js/jquery/jquery-migrate.min.js]
[hdhub4u.tools/slider/index.html]
[hdhub4u.tools/wp-content/plugins/remove-disqus-ads/assets/js/frontend.js]
[hdhub4u.tools/wp-includes/wlwmanifest.xml]
[hdhub4u.tools/wp-content/uploads/2021/05/cropped-cropped-1-1-1-2-1-32x32.png]
[hdhub4u.tools/wp-content/uploads/2021/05/cropped-cropped-1-1-1-2-1-192x192.png]
[hdhub4u.tools/wp-content/uploads/2021/05/cropped-cropped-1-1-1-2-1-180x180.png]
[hdhub4u.tools/wp-content/uploads/2021/05/hdhub4ulogo.png]
[myimg.bid/images/2020/04/29/2.jpg]
[i3.extraimage.xyz/pix/2022/12/05/REyhbY.jpg]
[myimg.bid/images/2022/12/05/Gold-1.jpg]
[hdhub4u.tools/index.html]
[hdhub4u.tools/wp-content/litespeed/css/69e57ec3164952777a016e30068f3eda50e0.css]
[aj1907.online/63c0d7d8.js]
[hdhub4u.tools/wp-content/litespeed/css/77a308f5f6c87af93b0dc080b56b449546c2.css]
[image.tmdb.org/t/p/original/lRu6wDtD6t0qgY1w5eiWrSSoOhx.jpg]
[myimg.bid/images/2022/12/04/snowman.jpg]
[hdhub4u.tools/wp-content/litespeed/css/89caecd4802585a8d9e93cb3d560a17ca268.css]
[myimg.bid/images/2022/12/03/MV5BNzE5MWY2MWEtMTM4YS00.jpg]
[myimg.bid/images/2022/12/02/An-Action-Hero-2022-Hindi-CAMRip-Full-Movie-HDHub4u.jpg]
[hdhub4u.tools/wp-content/litespeed/css/0e8af3d6f34790b498282ddc36baab8c3243.css]
[image.tmdb.org/t/p/original/9c2QaEKnZdV5c8cLVwiw9d5Wm9l.jpg]
[image.tmdb.org/t/p/original/4eMrPOlrdZun2KwBM3ygjYuL7D1.jpg]
[hdhub4u.tools/wp-content/litespeed/css/1b4db1ba498d8ea79199f317b12b9f98cfdb.css]
[myimg.bid/images/2022/12/02/Love-Today87c71ad5f2c38f1b.jpg]
[myimg.bid/images/2022/12/01/Freddy-2022-Hindi-HDRip-Full-MMovie-HDHub4u.jpg]
[hdhub4u.tools/wp-content/litespeed/css/1be8d268b7bc4437d1e82fc20cf6d3ff39f1.css]
[myimg.bid/images/2022/12/01/Ram-Setu-2022-Hindi-HDRip-Full-MMovie-HDHub4u.jpg]
[myimg.bid/images/2022/12/01/Monster-2022-Hindi-Dubbed-HDRip-Full-Movie1584edc9c4ae0c1b.jpg]
[hdhub4u.tools/wp-content/uploads/2018/01/down-links.html]
[myimg.bid/images/2022/12/01/Black-Adam-2022-Hindi-Dubbed-HDRip-Full-Movie-HDHub4u0eca1c67966820e4.jpg]
[myimg.bid/images/2022/12/01/Shooterc970ca013e37bcab.jpg]
[image.tmdb.org/t/p/w600_and_h900_bestv2/awEPsie7hIJLAByhvZpkUw7EvYk.jpg]
[image.tmdb.org/t/p/original/xZruH706oBpSqeEvp5u1sMmX2nD.jpg]
[image.tmdb.org/t/p/original/2cHGGU1CAhECNx6YY3oEbo6ysYb.jpg]
[hdhub4u.tools/slider/css/normalize.min.css]
[myimg.bid/images/2022/11/25/Bhediya-2022-Hindi-Camrip-Full-Movie.jpg]
[myimg.bid/images/2022/11/25/Khakee-The-Bihar-Chapter-S01-Hindi-HDRip-ALL-Episodes-HDHub4u.jpg]
[hdhub4u.tools/slider/css/smartslider.min.css]
[image.tmdb.org/t/p/original/jeGtaMwGxPmQN5xM4ClnwPQcNQz.jpg]
[myimg.bid/images/2022/10/21/The-Peripheral-S01-Hindi-HDRip-ALL-Episodes-HDHub4u.jpg]
[image.tmdb.org/t/p/original/oE23sq7mAiiDzmCIkPdFQAEuqsd.jpg]
[hdhub4u.tools/slider/js/n2-j.min.js]
[hdhub4u.tools/slider/js/nextend-gsap.min.js]
[hdhub4u.tools/slider/js/smartslider-frontend.min.js]
[hdhub4u.tools/slider/index.html]
[hdhub4u.tools/slider/js/smartslider-carousel-single-type-frontend.min.js]
[image.tmdb.org/t/p/original/yQ0c0Sha9qQbecSMFTA2bYtHByu.jpg]
[image.tmdb.org/t/p/original/gaomekdTBr2nDitlHfROB67eUg6.jpg]
[myimg.bid/images/2022/12/05/Amityville-Karen-2022-P-17d387a62aecde1bf.jpg]
[myimg.bid/images/2022/12/05/The-Final-Rose-2022-2.jpg]
[myimg.bid/images/2022/12/05/Becoming-Death-2022-1.jpg]
[myimg.bid/images/2022/12/05/Kumari-2022-1.jpg]
[myimg.bid/images/2022/12/05/American-Scarecrow-2020-1.jpg]
[myimg.bid/images/2022/12/05/Ash-and-Bone-2022-1.jpg]
[myimg.bid/images/2022/12/05/Black-Clown-2022.jpg]
[myimg.bid/images/2022/12/05/Bosch-Rockit-1.jpg]
[myimg.bid/images/2022/12/05/Teri-Meri-Gal-Ban-Gayi-2022-1-1.jpg]
[myimg.bid/images/2022/12/05/Werewolf-by-Night-2022-1.jpg]
[i.imgur.com/12muM1a.png]
[ajax.googleapis.com/ajax/libs/jquery/1.12.4/jquery.min.js]
[myimg.bid/images/2022/12/05/Hunt-2022-1.jpg]
[myimg.bid/images/2022/12/05/Vaahlam-Jaao-Ne-2022-1.jpg]
[hdhub4u.tools/wp-content/plugins/disqus-comment-system/public/js/comment_count.js]
[hdhub4u.tools/wp-content/themes/9xhd/script/script.min.js]
[hdhub4u.tools/wp-content/plugins/featured-image-from-url/includes/html/js/image.js]
[hdhub4u.tools/slider/css/normalize.min.css]
[hdhub4u.tools/slider/css/smartslider.min.css]
[intermediarymarkswe.com/c7/97/1d/c7971d1b62da6885d5524831f9ab8b61.js]
